// Jest Snapshot v1, https://goo.gl/fbAQLP

exports[`alias should create a builder using aliased fields 1`] = `
"
    export const fakePerson = (override?:DeepPartial<types.PersonFragment>):types.PersonFragment => {
      const fixture:types.PersonFragment = {
        aliasedName: faker.lorem.words(),age: faker.lorem.words()
      }

      return override
        ? merge(fixture, override)
        : fixture
    }
  "
`;
