// Vitest Snapshot v1, https://vitest.dev/guide/snapshot.html

exports[`arrays > should create a builder for the person fragment that creates an array for its children field 1`] = `
"
    export const fakePerson = (override?:DeepPartial<types.PersonFragment>):types.PersonFragment => {
      const fixture:types.PersonFragment = {
        name: faker.lorem.words(),age: faker.lorem.words(),children: repeat(random(1 , 5), () => ({ name: faker.lorem.words() }))
      }

      return override
        ? merge(fixture, override)
        : fixture
    }
  "
`;
