// Vitest Snapshot v1, https://vitest.dev/guide/snapshot.html

exports[`basic > should create a basic builder for the person fragment 1`] = `
"
    export const fakePerson = (override?:DeepPartial<types.PersonFragment>):types.PersonFragment => {
      const fixture:types.PersonFragment = {
        name: faker.lorem.words(),age: faker.lorem.words()
      }

      return override
        ? merge(fixture, override)
        : fixture
    }
  "
`;
