// Jest Snapshot v1, https://goo.gl/fbAQLP

exports[`enums should create a builder for a fragment that uses an enum field 1`] = `
"
    export const fakePerson = (override?:DeepPartial<types.PersonFragment>):types.PersonFragment => {
      const fixture:types.PersonFragment = {
        name: faker.lorem.words(),age: faker.lorem.words(),gender: faker.helpers.arrayElement(["MALE","FEMALE"])
      }

      return override
        ? merge(fixture, override)
        : fixture
    }
  "
`;
