// Vitest Snapshot v1, https://vitest.dev/guide/snapshot.html

exports[`fragment_spread > should create a builder for a fragment that uses fragment spreads 1`] = `
"
    export const fakeCat = (override?:DeepPartial<types.CatFragment>):types.CatFragment => {
      const fixture:types.CatFragment = {
        name: faker.lorem.words(),color: faker.lorem.words()
      }

      return override
        ? merge(fixture, override)
        : fixture
    }
  

    export const fakeDog = (override?:DeepPartial<types.DogFragment>):types.DogFragment => {
      const fixture:types.DogFragment = {
        name: faker.lorem.words(),isGoodBoy: faker.datatype.boolean()
      }

      return override
        ? merge(fixture, override)
        : fixture
    }
  

    export const fakeHouseHold = (override?:DeepPartial<types.HouseHoldFragment>):types.HouseHoldFragment => {
      const fixture:types.HouseHoldFragment = {
        person: { name: faker.lorem.words(),age: faker.datatype.number() },pet: { ...faker.helpers.arrayElement([fakeCat(),fakeDog()]) }
      }

      return override
        ? merge(fixture, override)
        : fixture
    }
  "
`;
