// Jest Snapshot v1, https://goo.gl/fbAQLP

exports[`union should create a builder for a fragment that uses a union type 1`] = `
"
    export const fakeCat = (override?:DeepPartial<types.CatFragment>):types.CatFragment => {
      const fixture:types.CatFragment = {
        name: faker.lorem.words(),color: faker.lorem.words()
      }

      return override
        ? merge(fixture, override)
        : fixture
    }
  

    export const fakeDog = (override?:DeepPartial<types.DogFragment>):types.DogFragment => {
      const fixture:types.DogFragment = {
        name: faker.lorem.words(),isGoodBoy: faker.datatype.boolean()
      }

      return override
        ? merge(fixture, override)
        : fixture
    }
  

      export const fakePet = ():types.PetFragment =>
        faker.helpers.arrayElement([
          fakeCat(),fakeDog()
        ])
    "
`;
